// Jest Snapshot v1, https://goo.gl/fbAQLP

exports[`Page not found renders without crashing 1`] = `
<div
  className="page-not-found"
>
  <span
    className="errorCode"
  >
    404
  </span>
  <span
    className="message"
  >
    Page Not Found
  </span>
</div>
`;
