// Jest Snapshot v1, https://goo.gl/fbAQLP

exports[`Score renders without crashing 1`] = `
<div
  className="score"
>
  <span
    className="score__number"
  >
    1
  </span>
  <FontAwesomeIcon$1
    border={false}
    className="score__vote score__vote--up"
    fixedWidth={false}
    flip={null}
    icon={
      Object {
        "icon": Array [
          448,
          512,
          Array [],
          "f077",
          "M240.971 130.524l194.343 194.343c9.373 9.373 9.373 24.569 0 33.941l-22.667 22.667c-9.357 9.357-24.522 9.375-33.901.04L224 227.495 69.255 381.516c-9.379 9.335-24.544 9.317-33.901-.04l-22.667-22.667c-9.373-9.373-9.373-24.569 0-33.941L207.03 130.525c9.372-9.373 24.568-9.373 33.941-.001z",
        ],
        "iconName": "chevron-up",
        "prefix": "fas",
      }
    }
    listItem={false}
    mask={null}
    name=""
    onClick={[Function]}
    pull={null}
    pulse={false}
    rotation={null}
    size={null}
    spin={false}
    symbol={false}
    transform={null}
  />
  <FontAwesomeIcon$1
    border={false}
    className="score__vote score__vote--down"
    fixedWidth={false}
    flip={null}
    icon={
      Object {
        "icon": Array [
          448,
          512,
          Array [],
          "f078",
          "M207.029 381.476L12.686 187.132c-9.373-9.373-9.373-24.569 0-33.941l22.667-22.667c9.357-9.357 24.522-9.375 33.901-.04L224 284.505l154.745-154.021c9.379-9.335 24.544-9.317 33.901.04l22.667 22.667c9.373 9.373 9.373 24.569 0 33.941L240.971 381.476c-9.373 9.372-24.569 9.372-33.942 0z",
        ],
        "iconName": "chevron-down",
        "prefix": "fas",
      }
    }
    listItem={false}
    mask={null}
    name=""
    onClick={[Function]}
    pull={null}
    pulse={false}
    rotation={null}
    size={null}
    spin={false}
    symbol={false}
    transform={null}
  />
</div>
`;
