// Jest Snapshot v1, https://goo.gl/fbAQLP

exports[`PostFormContainer fetches the post 1`] = `
<div>
  <div>
    Loading
  </div>
</div>
`;

exports[`PostFormContainer renders without crashing 1`] = `
<div>
  <C
    categories={
      Array [
        Object {
          "name": "react",
          "path": "react",
        },
        Object {
          "name": "redux",
          "path": "redux",
        },
        Object {
          "name": "udacity",
          "path": "udacity",
        },
      ]
    }
    id="8xf0y6ziyjabvozdd253nd"
    onSubmitHandler={[Function]}
    post={
      Object {
        "author": "thingtwo",
        "body": "Everyone says so after all.",
        "category": "react",
        "commentCount": 2,
        "deleted": false,
        "id": "8xf0y6ziyjabvozdd253nd",
        "timestamp": 1467166872634,
        "title": "Udacity is the best place to learn React",
        "voteScore": 6,
      }
    }
  />
</div>
`;
