// Jest Snapshot v1, https://goo.gl/fbAQLP

exports[`PostList renders with empty message 1`] = `
<section
  className="post__list__container"
>
  <ul
    className="post__list list-unstyled"
  >
    <div
      className="post__list__not__found text-center"
    >
      Whoops! Looks like we don't have posts yet :(
    </div>
  </ul>
</section>
`;

exports[`PostList renders without crashing 1`] = `
<section
  className="post__list__container"
>
  <div
    className="form-inline"
  >
    <label
      className="control-label"
      htmlFor="sortby"
    >
      Sort By
    </label>
    Â 
    <select
      className="form-control"
      defaultValue="-timestamp"
      id="sortby"
      onChange={[Function]}
    >
      <option
        value="-timestamp"
      >
        Newest
      </option>
      <option
        value="timestamp"
      >
        Oldest
      </option>
      <option
        value="-voteScore"
      >
        Highest Score
      </option>
      <option
        value="voteScore"
      >
        Lowest Score
      </option>
    </select>
  </div>
  <ul
    className="post__list list-unstyled"
  >
    <Connect(PostContainer)
      component={[Function]}
      key="6ni6ok3ym7mf1p33lnez"
      post={
        Object {
          "author": "thingone",
          "body": "Just kidding. It takes more than 10 minutes to learn technology.",
          "category": "redux",
          "commentCount": 0,
          "deleted": false,
          "id": "6ni6ok3ym7mf1p33lnez",
          "timestamp": 1468479767190,
          "title": "Learn Redux in 10 minutes!",
          "voteScore": -5,
        }
      }
    />
    <Connect(PostContainer)
      component={[Function]}
      key="8xf0y6ziyjabvozdd253nd"
      post={
        Object {
          "author": "thingtwo",
          "body": "Everyone says so after all.",
          "category": "react",
          "commentCount": 2,
          "deleted": false,
          "id": "8xf0y6ziyjabvozdd253nd",
          "timestamp": 1467166872634,
          "title": "Udacity is the best place to learn React",
          "voteScore": 6,
        }
      }
    />
  </ul>
</section>
`;
