// Jest Snapshot v1, https://goo.gl/fbAQLP

exports[`PostContainer fetches the post 1`] = `""`;

exports[`PostContainer renders without crashing 1`] = `
<Post
  post={
    Object {
      "author": "thingtwo",
      "body": "Everyone says so after all.",
      "category": "react",
      "commentCount": 2,
      "deleted": false,
      "id": "8xf0y6ziyjabvozdd253nd",
      "timestamp": 1467166872634,
      "title": "Udacity is the best place to learn React",
      "voteScore": 6,
    }
  }
  removeHandler={[Function]}
/>
`;
