// Jest Snapshot v1, https://goo.gl/fbAQLP

exports[`App renders with categories 1`] = `
<div
  className="app container-fluid"
>
  <Header
    categories={
      Array [
        Object {
          "name": "react",
          "path": "react",
        },
        Object {
          "name": "redux",
          "path": "redux",
        },
        Object {
          "name": "udacity",
          "path": "udacity",
        },
      ]
    }
  />
  <Switch>
    <Route
      exact={true}
      path="/"
    />
    <Route
      exact={true}
      path="/posts/new"
    />
    <Route
      exact={true}
      path="/comments/:comment/edit"
      render={[Function]}
    />
    <Route
      exact={true}
      path="/:category"
      render={[Function]}
      strict={true}
    />
    <Route
      exact={true}
      path="/:category/:post"
      render={[Function]}
    />
    <Route
      exact={true}
      path="/:category/:post/edit"
      render={[Function]}
    />
    <Route
      component={[Function]}
      path="*"
    />
  </Switch>
</div>
`;

exports[`App renders without crashing 1`] = `""`;
